testdata:
    children:
        docker:
            children:
                scylladb:
                    children:
                        scylla:
                            children:
                                tag:
                                    children:
                                        4.0.11:
                                            children:
                                                etc:
                                                    children:
                                                        scylla:
                                                            children:
                                                                scylla.yaml:
                                                                    type: object/yaml
                                                                    children:
                                                                        api_address:
                                                                            type: value/number
                                                                            value: 127
                                                                        api_doc_dir:
                                                                            type: value/string
                                                                            value: /opt/scylladb/api/api-doc/
                                                                        api_port:
                                                                            type: value/number
                                                                            value: 10000
                                                                        api_ui_dir:
                                                                            type: value/string
                                                                            value: /opt/scylladb/swagger-ui/dist/
                                                                        batch_size_fail_threshold_in_kb:
                                                                            type: value/number
                                                                            value: 50
                                                                        batch_size_warn_threshold_in_kb:
                                                                            type: value/number
                                                                            value: 5
                                                                        cas_contention_timeout_in_ms:
                                                                            type: value/number
                                                                            value: 1000
                                                                        commitlog_segment_size_in_mb:
                                                                            type: value/number
                                                                            value: 32
                                                                        commitlog_sync:
                                                                            type: value/string
                                                                            value: periodic
                                                                        commitlog_sync_period_in_ms:
                                                                            type: value/number
                                                                            value: 10000
                                                                        commitlog_total_space_in_mb:
                                                                            type: value/number
                                                                            value: -1
                                                                        endpoint_snitch:
                                                                            type: value/string
                                                                            value: SimpleSnitch
                                                                        listen_address:
                                                                            type: value/string
                                                                            value: localhost
                                                                        murmur3_partitioner_ignore_msb_bits:
                                                                            type: value/number
                                                                            value: 12
                                                                        native_transport_port:
                                                                            type: value/number
                                                                            value: 9042
                                                                        num_tokens:
                                                                            type: value/number
                                                                            value: 256
                                                                        partitioner:
                                                                            type: value/string
                                                                            value: org.apache.cassandra.dht.Murmur3Partitioner
                                                                        read_request_timeout_in_ms:
                                                                            type: value/number
                                                                            value: 5000
                                                                        rpc_address:
                                                                            type: value/string
                                                                            value: localhost
                                                                        rpc_port:
                                                                            type: value/number
                                                                            value: 9160
                                                                        seed_provider:
                                                                            children:
                                                                                "0":
                                                                                    children:
                                                                                        class_name:
                                                                                            type: value/string
                                                                                            value: org.apache.cassandra.locator.SimpleSeedProvider
                                                                                        parameters:
                                                                                            children:
                                                                                                "0":
                                                                                                    children:
                                                                                                        seeds:
                                                                                                            type: value/number
                                                                                                            value: 127
                                                                        write_request_timeout_in_ms:
                                                                            type: value/number
                                                                            value: 2000
                                                        scylla.d:
                                                            children:
                                                                cpuset.conf:
                                                                    type: object/ini
                                                                    children:
                                                                        CPUSET:
                                                                            type: object/flag
                                                                            children:
                                                                                --cpuset:
                                                                                    type: value/number
                                                                                    value: 0
                                                                                --smp:
                                                                                    type: value/number
                                                                                    value: 1
                                                                io.conf:
                                                                    type: object/ini
                                                                    children:
                                                                        SEASTAR_IO:
                                                                            type: object/flag
                                                                            children:
                                                                                --max-io-requests:
                                                                                    type: value/number
                                                                                    value: 1
                                                                                --num-io-queues:
                                                                                    type: value/number
                                                                                    value: 1
                                                        sysconfig:
                                                            children:
                                                                scylla-server:
                                                                    type: object/ini
                                                                    children:
                                                                        AMI:
                                                                            type: value/string
                                                                            value: "no"
                                                                        BRIDGE:
                                                                            type: value/string
                                                                            value: virbr0
                                                                        ETHDRV:
                                                                            type: value/bool
                                                                            value: false
                                                                        ETHPCIID:
                                                                            type: value/bool
                                                                            value: false
                                                                        GROUP:
                                                                            type: value/string
                                                                            value: scylla
                                                                        IFNAME:
                                                                            type: value/string
                                                                            value: eth0
                                                                        NETWORK_MODE:
                                                                            type: value/string
                                                                            value: posix
                                                                        NR_HUGEPAGES:
                                                                            type: value/number
                                                                            value: 64
                                                                        SCYLLA_ARGS:
                                                                            type: object/flag
                                                                            children:
                                                                                --default-log-level:
                                                                                    type: value/string
                                                                                    value: info
                                                                                --log-to-stdout:
                                                                                    type: value/number
                                                                                    value: 1
                                                                                --log-to-syslog:
                                                                                    type: value/number
                                                                                    value: 0
                                                                                --network-stack:
                                                                                    type: value/string
                                                                                    value: posix
                                                                        SCYLLA_CONF:
                                                                            type: value/string
                                                                            value: /etc/scylla
                                                                        SCYLLA_HOME:
                                                                            type: value/string
                                                                            value: /var/lib/scylla
                                                                        SET_NIC_AND_DISKS:
                                                                            type: value/string
                                                                            value: "no"
                                                                        TAP:
                                                                            type: value/string
                                                                            value: tap0
                                                                        USER:
                                                                            type: value/string
                                                                            value: scylla
                                        4.1.9:
                                            children:
                                                etc:
                                                    children:
                                                        scylla:
                                                            children:
                                                                scylla.yaml:
                                                                    type: object/yaml
                                                                    children:
                                                                        api_address:
                                                                            type: value/number
                                                                            value: 127
                                                                        api_doc_dir:
                                                                            type: value/string
                                                                            value: /opt/scylladb/api/api-doc/
                                                                        api_port:
                                                                            type: value/number
                                                                            value: 10000
                                                                        api_ui_dir:
                                                                            type: value/string
                                                                            value: /opt/scylladb/swagger-ui/dist/
                                                                        batch_size_fail_threshold_in_kb:
                                                                            type: value/number
                                                                            value: 50
                                                                        batch_size_warn_threshold_in_kb:
                                                                            type: value/number
                                                                            value: 5
                                                                        cas_contention_timeout_in_ms:
                                                                            type: value/number
                                                                            value: 1000
                                                                        commitlog_segment_size_in_mb:
                                                                            type: value/number
                                                                            value: 32
                                                                        commitlog_sync:
                                                                            type: value/string
                                                                            value: periodic
                                                                        commitlog_sync_period_in_ms:
                                                                            type: value/number
                                                                            value: 10000
                                                                        commitlog_total_space_in_mb:
                                                                            type: value/number
                                                                            value: -1
                                                                        endpoint_snitch:
                                                                            type: value/string
                                                                            value: SimpleSnitch
                                                                        listen_address:
                                                                            type: value/string
                                                                            value: localhost
                                                                        murmur3_partitioner_ignore_msb_bits:
                                                                            type: value/number
                                                                            value: 12
                                                                        native_transport_port:
                                                                            type: value/number
                                                                            value: 9042
                                                                        num_tokens:
                                                                            type: value/number
                                                                            value: 256
                                                                        partitioner:
                                                                            type: value/string
                                                                            value: org.apache.cassandra.dht.Murmur3Partitioner
                                                                        read_request_timeout_in_ms:
                                                                            type: value/number
                                                                            value: 5000
                                                                        rpc_address:
                                                                            type: value/string
                                                                            value: localhost
                                                                        rpc_port:
                                                                            type: value/number
                                                                            value: 9160
                                                                        seed_provider:
                                                                            children:
                                                                                "0":
                                                                                    children:
                                                                                        class_name:
                                                                                            type: value/string
                                                                                            value: org.apache.cassandra.locator.SimpleSeedProvider
                                                                                        parameters:
                                                                                            children:
                                                                                                "0":
                                                                                                    children:
                                                                                                        seeds:
                                                                                                            type: value/number
                                                                                                            value: 127
                                                                        write_request_timeout_in_ms:
                                                                            type: value/number
                                                                            value: 2000
                                                        scylla.d:
                                                            children:
                                                                cpuset.conf:
                                                                    type: object/ini
                                                                    children:
                                                                        CPUSET:
                                                                            type: object/flag
                                                                            children:
                                                                                --cpuset:
                                                                                    type: value/number
                                                                                    value: 0
                                                                                --smp:
                                                                                    type: value/number
                                                                                    value: 1
                                                                io.conf:
                                                                    type: object/ini
                                                                    children:
                                                                        SEASTAR_IO:
                                                                            type: object/flag
                                                                            children:
                                                                                --max-io-requests:
                                                                                    type: value/number
                                                                                    value: 1
                                                                                --num-io-queues:
                                                                                    type: value/number
                                                                                    value: 1
                                                        sysconfig:
                                                            children:
                                                                scylla-server:
                                                                    type: object/ini
                                                                    children:
                                                                        AMI:
                                                                            type: value/string
                                                                            value: "no"
                                                                        BRIDGE:
                                                                            type: value/string
                                                                            value: virbr0
                                                                        ETHDRV:
                                                                            type: value/bool
                                                                            value: false
                                                                        ETHPCIID:
                                                                            type: value/bool
                                                                            value: false
                                                                        GROUP:
                                                                            type: value/string
                                                                            value: scylla
                                                                        IFNAME:
                                                                            type: value/string
                                                                            value: eth0
                                                                        NETWORK_MODE:
                                                                            type: value/string
                                                                            value: posix
                                                                        NR_HUGEPAGES:
                                                                            type: value/number
                                                                            value: 64
                                                                        SCYLLA_ARGS:
                                                                            type: object/flag
                                                                            children:
                                                                                --default-log-level:
                                                                                    type: value/string
                                                                                    value: info
                                                                                --log-to-stdout:
                                                                                    type: value/number
                                                                                    value: 1
                                                                                --log-to-syslog:
                                                                                    type: value/number
                                                                                    value: 0
                                                                                --network-stack:
                                                                                    type: value/string
                                                                                    value: posix
                                                                        SCYLLA_CONF:
                                                                            type: value/string
                                                                            value: /etc/scylla
                                                                        SCYLLA_HOME:
                                                                            type: value/string
                                                                            value: /var/lib/scylla
                                                                        SET_NIC_AND_DISKS:
                                                                            type: value/string
                                                                            value: "no"
                                                                        TAP:
                                                                            type: value/string
                                                                            value: tap0
                                                                        USER:
                                                                            type: value/string
                                                                            value: scylla
                                        4.2.1:
                                            children:
                                                etc:
                                                    children:
                                                        scylla:
                                                            children:
                                                                scylla.yaml:
                                                                    type: object/yaml
                                                                    children:
                                                                        api_address:
                                                                            type: value/number
                                                                            value: 127
                                                                        api_doc_dir:
                                                                            type: value/string
                                                                            value: /opt/scylladb/api/api-doc/
                                                                        api_port:
                                                                            type: value/number
                                                                            value: 10000
                                                                        api_ui_dir:
                                                                            type: value/string
                                                                            value: /opt/scylladb/swagger-ui/dist/
                                                                        batch_size_fail_threshold_in_kb:
                                                                            type: value/number
                                                                            value: 50
                                                                        batch_size_warn_threshold_in_kb:
                                                                            type: value/number
                                                                            value: 5
                                                                        cas_contention_timeout_in_ms:
                                                                            type: value/number
                                                                            value: 1000
                                                                        commitlog_segment_size_in_mb:
                                                                            type: value/number
                                                                            value: 32
                                                                        commitlog_sync:
                                                                            type: value/string
                                                                            value: periodic
                                                                        commitlog_sync_period_in_ms:
                                                                            type: value/number
                                                                            value: 10000
                                                                        commitlog_total_space_in_mb:
                                                                            type: value/number
                                                                            value: -1
                                                                        endpoint_snitch:
                                                                            type: value/string
                                                                            value: SimpleSnitch
                                                                        listen_address:
                                                                            type: value/string
                                                                            value: localhost
                                                                        murmur3_partitioner_ignore_msb_bits:
                                                                            type: value/number
                                                                            value: 12
                                                                        native_transport_port:
                                                                            type: value/number
                                                                            value: 9042
                                                                        num_tokens:
                                                                            type: value/number
                                                                            value: 256
                                                                        partitioner:
                                                                            type: value/string
                                                                            value: org.apache.cassandra.dht.Murmur3Partitioner
                                                                        read_request_timeout_in_ms:
                                                                            type: value/number
                                                                            value: 5000
                                                                        rpc_address:
                                                                            type: value/string
                                                                            value: localhost
                                                                        rpc_port:
                                                                            type: value/number
                                                                            value: 9160
                                                                        seed_provider:
                                                                            children:
                                                                                "0":
                                                                                    children:
                                                                                        class_name:
                                                                                            type: value/string
                                                                                            value: org.apache.cassandra.locator.SimpleSeedProvider
                                                                                        parameters:
                                                                                            children:
                                                                                                "0":
                                                                                                    children:
                                                                                                        seeds:
                                                                                                            type: value/number
                                                                                                            value: 127
                                                                        write_request_timeout_in_ms:
                                                                            type: value/number
                                                                            value: 2000
                                                        scylla.d:
                                                            children:
                                                                cpuset.conf:
                                                                    type: object/ini
                                                                    children:
                                                                        CPUSET:
                                                                            type: object/flag
                                                                            children:
                                                                                --cpuset:
                                                                                    type: value/number
                                                                                    value: 0
                                                                                --smp:
                                                                                    type: value/number
                                                                                    value: 1
                                                                io.conf:
                                                                    type: object/ini
                                                                    children:
                                                                        SEASTAR_IO:
                                                                            type: object/flag
                                                                            children:
                                                                                --max-io-requests:
                                                                                    type: value/number
                                                                                    value: 1
                                                                                --num-io-queues:
                                                                                    type: value/number
                                                                                    value: 1
                                                        sysconfig:
                                                            children:
                                                                scylla-server:
                                                                    type: object/ini
                                                                    children:
                                                                        AMI:
                                                                            type: value/string
                                                                            value: "no"
                                                                        BRIDGE:
                                                                            type: value/string
                                                                            value: virbr0
                                                                        ETHDRV:
                                                                            type: value/bool
                                                                            value: false
                                                                        ETHPCIID:
                                                                            type: value/bool
                                                                            value: false
                                                                        GROUP:
                                                                            type: value/string
                                                                            value: scylla
                                                                        IFNAME:
                                                                            type: value/string
                                                                            value: eth0
                                                                        NETWORK_MODE:
                                                                            type: value/string
                                                                            value: posix
                                                                        NR_HUGEPAGES:
                                                                            type: value/number
                                                                            value: 64
                                                                        SCYLLA_ARGS:
                                                                            type: object/flag
                                                                            children:
                                                                                --default-log-level:
                                                                                    type: value/string
                                                                                    value: info
                                                                                --log-to-stdout:
                                                                                    type: value/number
                                                                                    value: 1
                                                                                --log-to-syslog:
                                                                                    type: value/number
                                                                                    value: 0
                                                                                --network-stack:
                                                                                    type: value/string
                                                                                    value: posix
                                                                        SCYLLA_CONF:
                                                                            type: value/string
                                                                            value: /etc/scylla
                                                                        SCYLLA_HOME:
                                                                            type: value/string
                                                                            value: /var/lib/scylla
                                                                        SET_NIC_AND_DISKS:
                                                                            type: value/string
                                                                            value: "no"
                                                                        TAP:
                                                                            type: value/string
                                                                            value: tap0
                                                                        USER:
                                                                            type: value/string
                                                                            value: scylla
