testdata:
    c:
        file:
            c:
                etc:
                    c:
                        scylla:
                            c:
                                scylla.yaml:
                                    a: 1056768
                                    x:
                                        m: 436
                                        u: rjeczalik
                                        g: rjeczalik
                                    c:
                                        api_address:
                                            v: 127.0.0.1
                                        api_doc_dir:
                                            v: /usr/lib/scylla/api/api-doc/
                                        api_port:
                                            v: 10000
                                        api_ui_dir:
                                            v: /usr/lib/scylla/swagger-ui/dist/
                                        authenticator:
                                            v: PasswordAuthenticator
                                        authorizer:
                                            v: CassandraAuthorizer
                                        batch_size_fail_threshold_in_kb:
                                            v: 50
                                        batch_size_warn_threshold_in_kb:
                                            v: 5
                                        broadcast_address:
                                            v: 1.2.3.4
                                        broadcast_rpc_address:
                                            v: 1.2.3.4
                                        cluster_name:
                                            v: Test Cluster
                                        commitlog_directory:
                                            v: /var/lib/scylla/commitlog
                                        commitlog_segment_size_in_mb:
                                            v: 32
                                        commitlog_sync:
                                            v: periodic
                                        commitlog_sync_batch_window_in_ms:
                                            v: 2
                                        commitlog_sync_period_in_ms:
                                            v: 10000
                                        commitlog_total_space_in_mb:
                                            v: -1
                                        data_file_directories:
                                            c:
                                                "0":
                                                    v: /var/lib/scylla/data
                                        endpoint_snitch:
                                            v: SimpleSnitch
                                        experimental:
                                            v: true
                                        hinted_handoff_enabled:
                                            v: true
                                        hints_directory:
                                            v: /var/lib/scylla/hints
                                        listen_address:
                                            v: localhost
                                        listen_on_broadcast_address:
                                            v: false
                                        max_hint_window_in_ms:
                                            v: 10800000
                                        murmur3_partitioner_ignore_msb_bits:
                                            v: 12
                                        native_transport_port:
                                            v: 9042
                                        native_transport_port_ssl:
                                            v: 9142
                                        num_tokens:
                                            v: 256
                                        partitioner:
                                            v: org.apache.cassandra.dht.Murmur3Partitioner
                                        read_request_timeout_in_ms:
                                            v: 5000
                                        rpc_address:
                                            v: localhost
                                        rpc_port:
                                            v: 9160
                                        seed_provider:
                                            c:
                                                "0":
                                                    c:
                                                        class_name:
                                                            v: org.apache.cassandra.locator.SimpleSeedProvider
                                                        parameters:
                                                            c:
                                                                "0":
                                                                    c:
                                                                        seeds:
                                                                            v: 127.0.0.1
                                        view_hints_directory:
                                            v: /var/lib/scylla/view_hints
                                        write_request_timeout_in_ms:
                                            v: 2000
                        sysconfig:
                            c:
                                scylla-server:
                                    a: 1049088
                                    x:
                                        m: 436
                                        u: rjeczalik
                                        g: rjeczalik
                                    c:
                                        AMI:
                                            v: "no"
                                        BRIDGE:
                                            v: virbr0
                                        ETHDRV:
                                            v: ""
                                        ETHPCIID:
                                            v: ""
                                        GROUP:
                                            v: scylla
                                        IFNAME:
                                            v: eth0
                                        NETWORK_MODE:
                                            v: posix
                                        NR_HUGEPAGES:
                                            v: "64"
                                        SCYLLA_ARGS:
                                            a: 1026
                                            c:
                                                --default-log-level:
                                                    v: info
                                                --log-to-stdout:
                                                    v: "1"
                                                --log-to-syslog:
                                                    v: "0"
                                                --network-stack:
                                                    v: posix
                                        SCYLLA_CONF:
                                            v: /etc/scylla
                                        SCYLLA_HOME:
                                            v: /var/lib/scylla
                                        SET_NIC_AND_DISKS:
                                            v: "no"
                                        TAP:
                                            v: tap0
                                        USER:
                                            v: scylla
                home:
                    c:
                        rjeczalik:
                            c:
                                ansemble:
                                    c:
                                        facts.json:
                                            a: 1048832
                                            x:
                                                m: 436
                                                u: rjeczalik
                                                g: rjeczalik
                                            c:
                                                ansible_all_ipv4_addresses:
                                                    c:
                                                        "0":
                                                            v: REDACTED IP ADDRESS
                                                ansible_all_ipv6_addresses:
                                                    c:
                                                        "0":
                                                            v: REDACTED IPV6 ADDRESS
                                                ansible_apparmor:
                                                    c:
                                                        status:
                                                            v: disabled
                                                ansible_architecture:
                                                    v: x86_64
                                                ansible_bios_date:
                                                    v: 11/28/2013
                                                ansible_bios_version:
                                                    v: 4.1.5
                                                ansible_cmdline:
                                                    c:
                                                        BOOT_IMAGE:
                                                            v: /boot/vmlinuz-3.10.0-862.14.4.el7.x86_64
                                                        console:
                                                            v: ttyS0,115200
                                                        no_timer_check:
                                                            v: true
                                                        nofb:
                                                            v: true
                                                        nomodeset:
                                                            v: true
                                                        ro:
                                                            v: true
                                                        root:
                                                            a: 514
                                                            c:
                                                                LABEL:
                                                                    v: cloudimg-rootfs
                                                        vga:
                                                            v: normal
                                                ansible_date_time:
                                                    c:
                                                        date:
                                                            v: "2018-10-25"
                                                        day:
                                                            v: "25"
                                                        epoch:
                                                            v: "1540469324"
                                                        hour:
                                                            v: "12"
                                                        iso8601:
                                                            v: "2018-10-25T12:08:44Z"
                                                        iso8601_basic:
                                                            v: 20181025T120844109754
                                                        iso8601_basic_short:
                                                            v: 20181025T120844
                                                        iso8601_micro:
                                                            v: "2018-10-25T12:08:44.109968Z"
                                                        minute:
                                                            v: "08"
                                                        month:
                                                            v: "10"
                                                        second:
                                                            v: "44"
                                                        time:
                                                            v: "12:08:44"
                                                        tz:
                                                            v: UTC
                                                        tz_offset:
                                                            v: "+0000"
                                                        weekday:
                                                            v: Thursday
                                                        weekday_number:
                                                            v: "4"
                                                        weeknumber:
                                                            v: "43"
                                                        year:
                                                            v: "2018"
                                                ansible_default_ipv4:
                                                    c:
                                                        address:
                                                            v: REDACTED
                                                        alias:
                                                            v: eth0
                                                        broadcast:
                                                            v: REDACTED
                                                        gateway:
                                                            v: REDACTED
                                                        interface:
                                                            v: eth0
                                                        macaddress:
                                                            v: REDACTED
                                                        mtu:
                                                            v: 1500
                                                        netmask:
                                                            v: 255.255.255.0
                                                        network:
                                                            v: REDACTED
                                                        type:
                                                            v: ether
                                                ansible_default_ipv6: {}
                                                ansible_device_links:
                                                    c:
                                                        ids: {}
                                                        labels:
                                                            c:
                                                                xvda1:
                                                                    c:
                                                                        "0":
                                                                            v: cloudimg-rootfs
                                                                xvdd:
                                                                    c:
                                                                        "0":
                                                                            v: config-2
                                                        masters: {}
                                                        uuids:
                                                            c:
                                                                xvda1:
                                                                    c:
                                                                        "0":
                                                                            v: cac81d61-d0f8-4b47-84aa-b48798239164
                                                                xvdd:
                                                                    c:
                                                                        "0":
                                                                            v: 2018-10-25-12-05-57-00
                                                ansible_devices:
                                                    c:
                                                        xvda:
                                                            c:
                                                                holders: {}
                                                                host:
                                                                    v: ""
                                                                links:
                                                                    c:
                                                                        ids: {}
                                                                        labels: {}
                                                                        masters: {}
                                                                        uuids: {}
                                                                model: {}
                                                                partitions:
                                                                    c:
                                                                        xvda1:
                                                                            c:
                                                                                holders: {}
                                                                                links:
                                                                                    c:
                                                                                        ids: {}
                                                                                        labels:
                                                                                            c:
                                                                                                "0":
                                                                                                    v: cloudimg-rootfs
                                                                                        masters: {}
                                                                                        uuids:
                                                                                            c:
                                                                                                "0":
                                                                                                    v: cac81d61-d0f8-4b47-84aa-b48798239164
                                                                                sectors:
                                                                                    v: "83883999"
                                                                                sectorsize:
                                                                                    v: 512
                                                                                size:
                                                                                    v: 40.00 GB
                                                                                start:
                                                                                    v: "2048"
                                                                                uuid:
                                                                                    v: cac81d61-d0f8-4b47-84aa-b48798239164
                                                                removable:
                                                                    v: "0"
                                                                rotational:
                                                                    v: "0"
                                                                sas_address: {}
                                                                sas_device_handle: {}
                                                                scheduler_mode:
                                                                    v: deadline
                                                                sectors:
                                                                    v: "83886080"
                                                                sectorsize:
                                                                    v: "512"
                                                                size:
                                                                    v: 40.00 GB
                                                                support_discard:
                                                                    v: "0"
                                                                vendor: {}
                                                                virtual:
                                                                    v: 1
                                                        xvdd:
                                                            c:
                                                                holders: {}
                                                                host:
                                                                    v: ""
                                                                links:
                                                                    c:
                                                                        ids: {}
                                                                        labels:
                                                                            c:
                                                                                "0":
                                                                                    v: config-2
                                                                        masters: {}
                                                                        uuids:
                                                                            c:
                                                                                "0":
                                                                                    v: 2018-10-25-12-05-57-00
                                                                model: {}
                                                                partitions: {}
                                                                removable:
                                                                    v: "0"
                                                                rotational:
                                                                    v: "0"
                                                                sas_address: {}
                                                                sas_device_handle: {}
                                                                scheduler_mode:
                                                                    v: deadline
                                                                sectors:
                                                                    v: "131072"
                                                                sectorsize:
                                                                    v: "512"
                                                                size:
                                                                    v: 64.00 MB
                                                                support_discard:
                                                                    v: "0"
                                                                vendor: {}
                                                                virtual:
                                                                    v: 1
                                                        xvde:
                                                            c:
                                                                holders: {}
                                                                host:
                                                                    v: ""
                                                                links:
                                                                    c:
                                                                        ids: {}
                                                                        labels: {}
                                                                        masters: {}
                                                                        uuids: {}
                                                                model: {}
                                                                partitions:
                                                                    c:
                                                                        xvde1:
                                                                            c:
                                                                                holders: {}
                                                                                links:
                                                                                    c:
                                                                                        ids: {}
                                                                                        labels: {}
                                                                                        masters: {}
                                                                                        uuids: {}
                                                                                sectors:
                                                                                    v: "167770112"
                                                                                sectorsize:
                                                                                    v: 512
                                                                                size:
                                                                                    v: 80.00 GB
                                                                                start:
                                                                                    v: "2048"
                                                                                uuid: {}
                                                                removable:
                                                                    v: "0"
                                                                rotational:
                                                                    v: "0"
                                                                sas_address: {}
                                                                sas_device_handle: {}
                                                                scheduler_mode:
                                                                    v: deadline
                                                                sectors:
                                                                    v: "167772160"
                                                                sectorsize:
                                                                    v: "512"
                                                                size:
                                                                    v: 80.00 GB
                                                                support_discard:
                                                                    v: "0"
                                                                vendor: {}
                                                                virtual:
                                                                    v: 1
                                                ansible_distribution:
                                                    v: CentOS
                                                ansible_distribution_file_parsed:
                                                    v: true
                                                ansible_distribution_file_path:
                                                    v: /etc/redhat-release
                                                ansible_distribution_file_variety:
                                                    v: RedHat
                                                ansible_distribution_major_version:
                                                    v: "7"
                                                ansible_distribution_release:
                                                    v: Core
                                                ansible_distribution_version:
                                                    v: 7.5.1804
                                                ansible_dns:
                                                    c:
                                                        nameservers:
                                                            c:
                                                                "0":
                                                                    v: 127.0.0.1
                                                ansible_domain:
                                                    v: ""
                                                ansible_effective_group_id:
                                                    v: 1000
                                                ansible_effective_user_id:
                                                    v: 1000
                                                ansible_env:
                                                    c:
                                                        _:
                                                            v: /usr/bin/python2
                                                        HOME:
                                                            v: /home/zuul
                                                        LANG:
                                                            v: en_US.UTF-8
                                                        LESSOPEN:
                                                            v: '||/usr/bin/lesspipe.sh %s'
                                                        LOGNAME:
                                                            v: zuul
                                                        MAIL:
                                                            v: /var/mail/zuul
                                                        PATH:
                                                            v: /usr/local/bin:/usr/bin
                                                        PWD:
                                                            v: /home/zuul
                                                        SELINUX_LEVEL_REQUESTED:
                                                            v: ""
                                                        SELINUX_ROLE_REQUESTED:
                                                            v: ""
                                                        SELINUX_USE_CURRENT_RANGE:
                                                            v: ""
                                                        SHELL:
                                                            v: /bin/bash
                                                        SHLVL:
                                                            v: "2"
                                                        SSH_CLIENT:
                                                            v: REDACTED 55672 22
                                                        SSH_CONNECTION:
                                                            v: REDACTED 55672 REDACTED 22
                                                        USER:
                                                            v: zuul
                                                        XDG_RUNTIME_DIR:
                                                            v: /run/user/1000
                                                        XDG_SESSION_ID:
                                                            v: "1"
                                                ansible_eth0:
                                                    c:
                                                        active:
                                                            v: true
                                                        device:
                                                            v: eth0
                                                        ipv4:
                                                            c:
                                                                address:
                                                                    v: REDACTED
                                                                broadcast:
                                                                    v: REDACTED
                                                                netmask:
                                                                    v: 255.255.255.0
                                                                network:
                                                                    v: REDACTED
                                                        ipv6:
                                                            c:
                                                                "0":
                                                                    c:
                                                                        address:
                                                                            v: REDACTED
                                                                        prefix:
                                                                            v: "64"
                                                                        scope:
                                                                            v: link
                                                        macaddress:
                                                            v: REDACTED
                                                        module:
                                                            v: xen_netfront
                                                        mtu:
                                                            v: 1500
                                                        pciid:
                                                            v: vif-0
                                                        promisc:
                                                            v: false
                                                        type:
                                                            v: ether
                                                ansible_eth1:
                                                    c:
                                                        active:
                                                            v: true
                                                        device:
                                                            v: eth1
                                                        ipv4:
                                                            c:
                                                                address:
                                                                    v: REDACTED
                                                                broadcast:
                                                                    v: REDACTED
                                                                netmask:
                                                                    v: 255.255.224.0
                                                                network:
                                                                    v: REDACTED
                                                        ipv6:
                                                            c:
                                                                "0":
                                                                    c:
                                                                        address:
                                                                            v: REDACTED
                                                                        prefix:
                                                                            v: "64"
                                                                        scope:
                                                                            v: link
                                                        macaddress:
                                                            v: REDACTED
                                                        module:
                                                            v: xen_netfront
                                                        mtu:
                                                            v: 1500
                                                        pciid:
                                                            v: vif-1
                                                        promisc:
                                                            v: false
                                                        type:
                                                            v: ether
                                                ansible_fips:
                                                    v: false
                                                ansible_form_factor:
                                                    v: Other
                                                ansible_fqdn:
                                                    v: centos-7-rax-dfw-0003427354
                                                ansible_hostname:
                                                    v: centos-7-rax-dfw-0003427354
                                                ansible_interfaces:
                                                    c:
                                                        "0":
                                                            v: lo
                                                        "1":
                                                            v: eth1
                                                        "2":
                                                            v: eth0
                                                ansible_is_chroot:
                                                    v: false
                                                ansible_kernel:
                                                    v: 3.10.0-862.14.4.el7.x86_64
                                                ansible_lo:
                                                    c:
                                                        active:
                                                            v: true
                                                        device:
                                                            v: lo
                                                        ipv4:
                                                            c:
                                                                address:
                                                                    v: 127.0.0.1
                                                                broadcast:
                                                                    v: host
                                                                netmask:
                                                                    v: 255.0.0.0
                                                                network:
                                                                    v: 127.0.0.0
                                                        ipv6:
                                                            c:
                                                                "0":
                                                                    c:
                                                                        address:
                                                                            v: ::1
                                                                        prefix:
                                                                            v: "128"
                                                                        scope:
                                                                            v: host
                                                        mtu:
                                                            v: 65536
                                                        promisc:
                                                            v: false
                                                        type:
                                                            v: loopback
                                                ansible_local: {}
                                                ansible_lsb:
                                                    c:
                                                        codename:
                                                            v: Core
                                                        description:
                                                            v: CentOS Linux release 7.5.1804 (Core)
                                                        id:
                                                            v: CentOS
                                                        major_release:
                                                            v: "7"
                                                        release:
                                                            v: 7.5.1804
                                                ansible_machine:
                                                    v: x86_64
                                                ansible_machine_id:
                                                    v: 2db133253c984c82aef2fafcce6f2bed
                                                ansible_memfree_mb:
                                                    v: 7709
                                                ansible_memory_mb:
                                                    c:
                                                        nocache:
                                                            c:
                                                                free:
                                                                    v: 7804
                                                                used:
                                                                    v: 173
                                                        real:
                                                            c:
                                                                free:
                                                                    v: 7709
                                                                total:
                                                                    v: 7977
                                                                used:
                                                                    v: 268
                                                        swap:
                                                            c:
                                                                cached:
                                                                    v: 0
                                                                free:
                                                                    v: 0
                                                                total:
                                                                    v: 0
                                                                used:
                                                                    v: 0
                                                ansible_memtotal_mb:
                                                    v: 7977
                                                ansible_mounts:
                                                    c:
                                                        "0":
                                                            c:
                                                                block_available:
                                                                    v: 7.220998e+06
                                                                block_size:
                                                                    v: 4096
                                                                block_total:
                                                                    v: 9.817227e+06
                                                                block_used:
                                                                    v: 2.596229e+06
                                                                device:
                                                                    v: /dev/xvda1
                                                                fstype:
                                                                    v: ext4
                                                                inode_available:
                                                                    v: 1.0052341e+07
                                                                inode_total:
                                                                    v: 1.04192e+07
                                                                inode_used:
                                                                    v: 366859
                                                                mount:
                                                                    v: /
                                                                options:
                                                                    v: rw,seclabel,relatime,data=ordered
                                                                size_available:
                                                                    v: 2.9577207808e+10
                                                                size_total:
                                                                    v: 4.0211361792e+10
                                                                uuid:
                                                                    v: cac81d61-d0f8-4b47-84aa-b48798239164
                                                        "1":
                                                            c:
                                                                block_available:
                                                                    v: 0
                                                                block_size:
                                                                    v: 2048
                                                                block_total:
                                                                    v: 252
                                                                block_used:
                                                                    v: 252
                                                                device:
                                                                    v: /dev/xvdd
                                                                fstype:
                                                                    v: iso9660
                                                                inode_available:
                                                                    v: 0
                                                                inode_total:
                                                                    v: 0
                                                                inode_used:
                                                                    v: 0
                                                                mount:
                                                                    v: /mnt/config
                                                                options:
                                                                    v: ro,relatime,mode=0700
                                                                size_available:
                                                                    v: 0
                                                                size_total:
                                                                    v: 516096
                                                                uuid:
                                                                    v: 2018-10-25-12-05-57-00
                                                ansible_nodename:
                                                    v: centos-7-rax-dfw-0003427354
                                                ansible_os_family:
                                                    v: RedHat
                                                ansible_pkg_mgr:
                                                    v: yum
                                                ansible_processor:
                                                    c:
                                                        "0":
                                                            v: "0"
                                                        "1":
                                                            v: GenuineIntel
                                                        "2":
                                                            v: Intel(R) Xeon(R) CPU E5-2670 0 @ 2.60GHz
                                                        "3":
                                                            v: "1"
                                                        "4":
                                                            v: GenuineIntel
                                                        "5":
                                                            v: Intel(R) Xeon(R) CPU E5-2670 0 @ 2.60GHz
                                                        "6":
                                                            v: "2"
                                                        "7":
                                                            v: GenuineIntel
                                                        "8":
                                                            v: Intel(R) Xeon(R) CPU E5-2670 0 @ 2.60GHz
                                                        "9":
                                                            v: "3"
                                                        "10":
                                                            v: GenuineIntel
                                                        "11":
                                                            v: Intel(R) Xeon(R) CPU E5-2670 0 @ 2.60GHz
                                                        "12":
                                                            v: "4"
                                                        "13":
                                                            v: GenuineIntel
                                                        "14":
                                                            v: Intel(R) Xeon(R) CPU E5-2670 0 @ 2.60GHz
                                                        "15":
                                                            v: "5"
                                                        "16":
                                                            v: GenuineIntel
                                                        "17":
                                                            v: Intel(R) Xeon(R) CPU E5-2670 0 @ 2.60GHz
                                                        "18":
                                                            v: "6"
                                                        "19":
                                                            v: GenuineIntel
                                                        "20":
                                                            v: Intel(R) Xeon(R) CPU E5-2670 0 @ 2.60GHz
                                                        "21":
                                                            v: "7"
                                                        "22":
                                                            v: GenuineIntel
                                                        "23":
                                                            v: Intel(R) Xeon(R) CPU E5-2670 0 @ 2.60GHz
                                                ansible_processor_cores:
                                                    v: 8
                                                ansible_processor_count:
                                                    v: 8
                                                ansible_processor_nproc:
                                                    v: 8
                                                ansible_processor_threads_per_core:
                                                    v: 1
                                                ansible_processor_vcpus:
                                                    v: 8
                                                ansible_product_name:
                                                    v: HVM domU
                                                ansible_product_serial:
                                                    v: REDACTED
                                                ansible_product_uuid:
                                                    v: REDACTED
                                                ansible_product_version:
                                                    v: 4.1.5
                                                ansible_python:
                                                    c:
                                                        executable:
                                                            v: /usr/bin/python2
                                                        has_sslcontext:
                                                            v: true
                                                        type:
                                                            v: CPython
                                                        version:
                                                            c:
                                                                major:
                                                                    v: 2
                                                                micro:
                                                                    v: 5
                                                                minor:
                                                                    v: 7
                                                                releaselevel:
                                                                    v: final
                                                                serial:
                                                                    v: 0
                                                        version_info:
                                                            c:
                                                                "0":
                                                                    v: 2
                                                                "1":
                                                                    v: 7
                                                                "2":
                                                                    v: 5
                                                                "3":
                                                                    v: final
                                                                "4":
                                                                    v: 0
                                                ansible_python_version:
                                                    v: 2.7.5
                                                ansible_real_group_id:
                                                    v: 1000
                                                ansible_real_user_id:
                                                    v: 1000
                                                ansible_selinux:
                                                    c:
                                                        config_mode:
                                                            v: enforcing
                                                        mode:
                                                            v: enforcing
                                                        policyvers:
                                                            v: 31
                                                        status:
                                                            v: enabled
                                                        type:
                                                            v: targeted
                                                ansible_selinux_python_present:
                                                    v: true
                                                ansible_service_mgr:
                                                    v: systemd
                                                ansible_ssh_host_key_ecdsa_public:
                                                    v: REDACTED KEY VALUE
                                                ansible_ssh_host_key_ed25519_public:
                                                    v: REDACTED KEY VALUE
                                                ansible_ssh_host_key_rsa_public:
                                                    v: REDACTED KEY VALUE
                                                ansible_swapfree_mb:
                                                    v: 0
                                                ansible_swaptotal_mb:
                                                    v: 0
                                                ansible_system:
                                                    v: Linux
                                                ansible_system_capabilities:
                                                    c:
                                                        "0":
                                                            v: ""
                                                ansible_system_capabilities_enforced:
                                                    v: "True"
                                                ansible_system_vendor:
                                                    v: Xen
                                                ansible_uptime_seconds:
                                                    v: 151
                                                ansible_user_dir:
                                                    v: /home/zuul
                                                ansible_user_gecos:
                                                    v: ""
                                                ansible_user_gid:
                                                    v: 1000
                                                ansible_user_id:
                                                    v: zuul
                                                ansible_user_shell:
                                                    v: /bin/bash
                                                ansible_user_uid:
                                                    v: 1000
                                                ansible_userspace_architecture:
                                                    v: x86_64
                                                ansible_userspace_bits:
                                                    v: "64"
                                                ansible_virtualization_role:
                                                    v: guest
                                                ansible_virtualization_type:
                                                    v: xen
                                                gather_subset:
                                                    c:
                                                        "0":
                                                            v: all
                                                module_setup:
                                                    v: true
