testdata:
    c:
        file:
            c:
                etc:
                    c:
                        scylla:
                            c:
                                scylla.yaml:
                                    a: 1056768
                                    x:
                                        g: rjeczalik
                                        m: 436
                                        u: rjeczalik
                        sysconfig:
                            c:
                                scylla-server:
                                    a: 1049088
                                    c:
                                        SCYLLA_ARGS:
                                            a: 1026
                                    x:
                                        g: rjeczalik
                                        m: 436
                                        u: rjeczalik
                home:
                    c:
                        rjeczalik:
                            c:
                                ansemble:
                                    c:
                                        facts.json:
                                            a: 1048832
                                            c:
                                                ansible_cmdline:
                                                    c:
                                                        root:
                                                            a: 514
                                            x:
                                                g: rjeczalik
                                                m: 436
                                                u: rjeczalik
